// Jest Snapshot v1, https://goo.gl/fbAQLP

exports[`<App/> match snapshot 1`] = `
<div>
  <div>
    <div>
      테스트용 계산기
    </div>
    <div />
    <div>
      0
    </div>
    <div>
      <button>
        0
      </button>
      <button>
        1
      </button>
      <button>
        2
      </button>
      <button>
        3
      </button>
      <button>
        4
      </button>
      <button>
        5
      </button>
      <button>
        6
      </button>
      <button>
        7
      </button>
      <button>
        8
      </button>
      <button>
        9
      </button>
    </div>
    <div>
      <button>
        (
      </button>
      <button>
        )
      </button>
      <button>
        +
      </button>
      <button>
        -
      </button>
      <button>
        x
      </button>
      <button>
        /
      </button>
      <button>
        =
      </button>
    </div>
    <button>
      =
    </button>
  </div>
</div>
`;
